[htmldemo.net/zakas/zakas/index.html]
[backblue.gif]
[fade.gif]
[index.html]
[htmldemo.net/zakas/zakas/assets/img/favicon.ico]
[htmldemo.net/zakas/zakas/assets/img/icon.png]
[htmldemo.net/zakas/zakas/assets/css/bootstrap.css]
[htmldemo.net/zakas/zakas/assets/css/vendor.css]
[htmldemo.net/zakas/zakas/assets/img/logo/logo-white.png]
[htmldemo.net/zakas/zakas/assets/css/main.css]
[htmldemo.net/zakas/zakas/assets/img/logo/logo.png]
[htmldemo.net/zakas/zakas/index-02.html]
[htmldemo.net/zakas/zakas/index-03.html]
[htmldemo.net/zakas/zakas/index-04.html]
[htmldemo.net/zakas/zakas/index-05.html]
[htmldemo.net/zakas/zakas/index-07.html]
[htmldemo.net/zakas/zakas/index-08.html]
[htmldemo.net/zakas/zakas/index-06.html]
[htmldemo.net/zakas/zakas/index-09.html]
[htmldemo.net/zakas/zakas/index-10.html]
[htmldemo.net/zakas/zakas/shop-fullwidth.html]
[htmldemo.net/zakas/zakas/shop.html]
[htmldemo.net/zakas/zakas/shop-right-sidebar.html]
[htmldemo.net/zakas/zakas/shop-three-columns.html]
[htmldemo.net/zakas/zakas/shop-four-columns.html]
[htmldemo.net/zakas/zakas/shop-list.html]
[htmldemo.net/zakas/zakas/shop-list-sidebar.html]
[htmldemo.net/zakas/zakas/product-details.html]
[htmldemo.net/zakas/zakas/shop-list-right-sidebar.html]
[htmldemo.net/zakas/zakas/product-details-tab-style-2.html]
[htmldemo.net/zakas/zakas/product-details-tab-style-3.html]
[htmldemo.net/zakas/zakas/product-details-gallery-left.html]
[htmldemo.net/zakas/zakas/product-details-gallery-right.html]
[htmldemo.net/zakas/zakas/product-details-sticky-left.html]
[htmldemo.net/zakas/zakas/product-details-slider-box.html]
[htmldemo.net/zakas/zakas/product-details-sticky-right.html]
[htmldemo.net/zakas/zakas/product-details-affiliate.html]
[htmldemo.net/zakas/zakas/product-details-slider-full-width.html]
[htmldemo.net/zakas/zakas/product-details-variable.html]
[htmldemo.net/zakas/zakas/product-details-group.html]
[htmldemo.net/zakas/zakas/blog.html]
[htmldemo.net/zakas/zakas/blog-right-sidebar.html]
[htmldemo.net/zakas/zakas/blog-04-columns.html]
[htmldemo.net/zakas/zakas/blog-03-columns.html]
[htmldemo.net/zakas/zakas/blog-list.html]
[htmldemo.net/zakas/zakas/blog-list-left-sidebar.html]
[htmldemo.net/zakas/zakas/blog-list-right-sidebar.html]
[htmldemo.net/zakas/zakas/single-post-image.html]
[htmldemo.net/zakas/zakas/single-post-audio.html]
[htmldemo.net/zakas/zakas/single-post-video.html]
[htmldemo.net/zakas/zakas/single-post-gallery.html]
[htmldemo.net/zakas/zakas/single-post-right-sidebar.html]
[htmldemo.net/zakas/zakas/my-account.html]
[htmldemo.net/zakas/zakas/checkout.html]
[htmldemo.net/zakas/zakas/cart.html]
[htmldemo.net/zakas/zakas/compare.html]
[htmldemo.net/zakas/zakas/order-tracking.html]
[htmldemo.net/zakas/zakas/wishlist.html]
[htmldemo.net/zakas/zakas/contact-us.html]
[htmldemo.net/zakas/zakas/assets/img/slider/slider-1.jpg]
[htmldemo.net/zakas/zakas/assets/img/slider/slider-2.jpg]
[htmldemo.net/zakas/zakas/assets/img/slider/slider-3.jpg]
[htmldemo.net/zakas/zakas/assets/img/products/prod-1.jpg]
[htmldemo.net/zakas/zakas/assets/img/products/prod-2.jpg]
[htmldemo.net/zakas/zakas/assets/img/products/prod-3.jpg]
[htmldemo.net/zakas/zakas/assets/img/products/prod-4.jpg]
[htmldemo.net/zakas/zakas/assets/img/products/prod-5.jpg]
[htmldemo.net/zakas/zakas/assets/img/products/prod-6.jpg]
[htmldemo.net/zakas/zakas/assets/img/products/prod-7.jpg]
[htmldemo.net/zakas/zakas/assets/img/products/prod-8.jpg]
[htmldemo.net/zakas/zakas/assets/img/banner/banner-1.jpg]
[htmldemo.net/zakas/zakas/assets/img/banner/banner-2.jpg]
[htmldemo.net/zakas/zakas/youtube.com]
[htmldemo.net/zakas/zakas/assets/img/others/payment.png]
[htmldemo.net/zakas/zakas/assets/img/products/prod-1-100x100.jpg]
[htmldemo.net/zakas/zakas/assets/img/products/prod-2-100x100.jpg]
[htmldemo.net/zakas/zakas/assets/img/products/prod-5-100x100.jpg]
[htmldemo.net/zakas/zakas/assets/img/products/prod-9-1.jpg]
[htmldemo.net/zakas/zakas/assets/js/vendor.js]
[htmldemo.net/zakas/zakas/index.html]
[htmldemo.net/zakas/zakas/assets/css/bootstrap.css]
[htmldemo.net/zakas/zakas/assets/js/main.js]
[htmldemo.net/zakas/zakas/assets/fonts/fontawesome-webfont3e6e.eot]
[htmldemo.net/zakas/zakas/assets/fonts/fontawesome-webfont3e6e.woff2]
[htmldemo.net/zakas/zakas/assets/fonts/fontawesome-webfont3e6e.woff]
[htmldemo.net/zakas/zakas/assets/fonts/fontawesome-webfontd41d.eot]
[htmldemo.net/zakas/zakas/assets/fonts/fontawesome-webfont3e6e.ttf]
[htmldemo.net/zakas/zakas/assets/fonts/flaticon.eot]
[htmldemo.net/zakas/zakas/assets/fonts/flaticond41d.eot]
[htmldemo.net/zakas/zakas/assets/fonts/fontawesome-webfont3e6e.svg]
[htmldemo.net/zakas/zakas/assets/fonts/flaticon.ttf]
[htmldemo.net/zakas/zakas/assets/fonts/flaticon.svg]
[htmldemo.net/zakas/zakas/assets/fonts/themify.eot]
[htmldemo.net/zakas/zakas/assets/fonts/themifyd41d.eot]
[htmldemo.net/zakas/zakas/assets/fonts/themify.woff]
[htmldemo.net/zakas/zakas/assets/fonts/themify.ttf]
[htmldemo.net/zakas/zakas/assets/fonts/themify.svg]
[htmldemo.net/zakas/zakas/assets/fonts/lg8306.ttf]
[htmldemo.net/zakas/zakas/assets/fonts/lg8306.woff]
[htmldemo.net/zakas/zakas/assets/fonts/lg8306.svg]
[htmldemo.net/zakas/zakas/assets/img/vimeo-play.png]
[htmldemo.net/zakas/zakas/assets/img/video-play.png]
[htmldemo.net/zakas/zakas/assets/img/youtube-play.png]
[htmldemo.net/zakas/zakas/assets/img/loading.gif]
[htmldemo.net/zakas/zakas/assets/css/vendor.css]
[htmldemo.net/zakas/zakas/assets/img/icons/cross.png]
[htmldemo.net/zakas/zakas/assets/css/main.css]
[htmldemo.net/zakas/zakas/assets/img/slider/slider-4.jpg]
[htmldemo.net/zakas/zakas/assets/img/slider/slider-5.jpg]
[htmldemo.net/zakas/zakas/assets/img/slider/slider-6.jpg]
[htmldemo.net/zakas/zakas/assets/img/slider/slider-7.jpg]
[htmldemo.net/zakas/zakas/assets/img/banner/banner-3.jpg]
[htmldemo.net/zakas/zakas/assets/img/banner/banner-4.jpg]
[htmldemo.net/zakas/zakas/assets/img/banner/banner-5.jpg]
[htmldemo.net/zakas/zakas/assets/img/products/prod-9.jpg]
[htmldemo.net/zakas/zakas/assets/img/products/prod-10.jpg]
[htmldemo.net/zakas/zakas/assets/img/products/prod-11.jpg]
[htmldemo.net/zakas/zakas/assets/img/products/prod-12.jpg]
[htmldemo.net/zakas/zakas/assets/img/blog/blog-1.jpg]
[htmldemo.net/zakas/zakas/assets/img/blog/blog-2.jpg]
[htmldemo.net/zakas/zakas/assets/img/blog/blog-3.jpg]
[htmldemo.net/zakas/zakas/index-02.html]
[htmldemo.net/zakas/zakas/index-03.html]
[htmldemo.net/zakas/zakas/assets/img/slider/slider-8.jpg]
[htmldemo.net/zakas/zakas/assets/img/slider/slider-9.jpg]
[htmldemo.net/zakas/zakas/assets/img/products/prod-13.jpg]
[htmldemo.net/zakas/zakas/assets/img/products/prod-14.jpg]
[htmldemo.net/zakas/zakas/assets/img/products/prod-15.jpg]
[htmldemo.net/zakas/zakas/assets/img/products/prod-16.jpg]
[htmldemo.net/zakas/zakas/assets/img/products/prod-17.jpg]
[htmldemo.net/zakas/zakas/assets/img/products/prod-18.jpg]
[htmldemo.net/zakas/zakas/assets/img/products/prod-19.jpg]
[htmldemo.net/zakas/zakas/assets/img/products/prod-20.jpg]
[htmldemo.net/zakas/zakas/assets/img/products/prod-21.jpg]
[htmldemo.net/zakas/zakas/assets/img/products/prod-22.jpg]
[htmldemo.net/zakas/zakas/assets/img/products/prod-23.jpg]
[htmldemo.net/zakas/zakas/assets/img/products/prod-24.jpg]
[htmldemo.net/zakas/zakas/assets/img/banner/banner-6.jpg]
[htmldemo.net/zakas/zakas/assets/img/banner/banner-7.jpg]
[htmldemo.net/zakas/zakas/assets/img/instagram/1.jpg]
[htmldemo.net/zakas/zakas/assets/img/instagram/2.jpg]
[htmldemo.net/zakas/zakas/assets/img/instagram/3.jpg]
[htmldemo.net/zakas/zakas/assets/img/instagram/4.jpg]
[htmldemo.net/zakas/zakas/assets/img/instagram/5.jpg]
[htmldemo.net/zakas/zakas/assets/img/instagram/6.jpg]
[htmldemo.net/zakas/zakas/index-04.html]
[htmldemo.net/zakas/zakas/assets/img/slider/slider-10.jpg]
[htmldemo.net/zakas/zakas/assets/img/banner/banner-8.jpg]
[htmldemo.net/zakas/zakas/assets/img/banner/banner-9.jpg]
[htmldemo.net/zakas/zakas/assets/img/banner/banner-10.jpg]
[htmldemo.net/zakas/zakas/assets/img/banner/banner-11.jpg]
[htmldemo.net/zakas/zakas/assets/img/banner/banner-12.jpg]
[htmldemo.net/zakas/zakas/index-05.html]
[htmldemo.net/zakas/zakas/assets/img/slider/slider-11.jpg]
[htmldemo.net/zakas/zakas/assets/img/slider/slider-12-1.jpg]
[htmldemo.net/zakas/zakas/assets/img/banner/banner-13.jpg]
[htmldemo.net/zakas/zakas/assets/img/banner/banner-14.jpg]
[htmldemo.net/zakas/zakas/assets/img/banner/banner-15.jpg]
[htmldemo.net/zakas/zakas/assets/img/banner/banner-16.jpg]
[htmldemo.net/zakas/zakas/assets/img/products/prod-13-320x370.jpg]
[htmldemo.net/zakas/zakas/assets/img/products/prod-14-320x370.jpg]
[htmldemo.net/zakas/zakas/assets/img/products/prod-15-320x370.jpg]
[htmldemo.net/zakas/zakas/assets/img/products/prod-16-320x370.jpg]
[htmldemo.net/zakas/zakas/assets/img/products/prod-20-320x370.jpg]
[htmldemo.net/zakas/zakas/assets/img/products/prod-23-320x370.jpg]
[htmldemo.net/zakas/zakas/assets/img/products/prod-25-320x370.jpg]
[htmldemo.net/zakas/zakas/assets/img/products/prod-26-320x370.jpg]
[htmldemo.net/zakas/zakas/assets/img/products/prod-27-320x370.jpg]
[htmldemo.net/zakas/zakas/assets/img/products/prod-28-320x370.jpg]
[htmldemo.net/zakas/zakas/assets/img/bg/bg-1.jpg]
[htmldemo.net/zakas/zakas/index-06.html]
[htmldemo.net/zakas/zakas/assets/img/slider/slider-13.jpg]
[htmldemo.net/zakas/zakas/assets/img/slider/slider-20.jpg]
[htmldemo.net/zakas/zakas/assets/img/banner/banner-17.jpg]
[htmldemo.net/zakas/zakas/assets/img/banner/banner-18.jpg]
[htmldemo.net/zakas/zakas/assets/img/banner/banner-19.jpg]
[htmldemo.net/zakas/zakas/assets/img/products/prod-20-1.png]
[htmldemo.net/zakas/zakas/assets/img/products/prod-9-1.png]
[htmldemo.net/zakas/zakas/assets/img/bg/bg-2.jpg]
[htmldemo.net/zakas/zakas/assets/img/banner/banner-20.png]
[htmldemo.net/zakas/zakas/assets/img/products/prod-24-250x235.jpg]
[htmldemo.net/zakas/zakas/assets/img/products/prod-19-250x235.jpg]
[htmldemo.net/zakas/zakas/assets/img/products/prod-25-250x235.jpg]
[htmldemo.net/zakas/zakas/assets/img/products/prod-17-250x235.jpg]
[htmldemo.net/zakas/zakas/assets/img/products/prod-9-250x235.jpg]
[htmldemo.net/zakas/zakas/assets/img/products/prod-12-250x235.jpg]
[htmldemo.net/zakas/zakas/assets/img/products/prod-27-250x235.jpg]
[htmldemo.net/zakas/zakas/assets/img/products/prod-20-250x235.jpg]
[htmldemo.net/zakas/zakas/index-07.html]
[htmldemo.net/zakas/zakas/assets/img/slider/slider-14.jpg]
[htmldemo.net/zakas/zakas/assets/img/slider/slider-15.jpg]
[htmldemo.net/zakas/zakas/assets/img/products/prod-29.jpg]
[htmldemo.net/zakas/zakas/assets/img/products/prod-30.jpg]
[htmldemo.net/zakas/zakas/assets/img/banner/banner-20.jpg]
[htmldemo.net/zakas/zakas/assets/img/icons/play.png]
[htmldemo.net/zakas/zakas/assets/img/banner/banner-21.jpg]
[htmldemo.net/zakas/zakas/assets/img/banner/banner-28.jpg]
[htmldemo.net/zakas/zakas/index-08.html]
[htmldemo.net/zakas/zakas/assets/img/slider/slider-16.jpg]
[htmldemo.net/zakas/zakas/assets/img/slider/slider-17.jpg]
[htmldemo.net/zakas/zakas/assets/img/slider/slider-18.jpg]
[htmldemo.net/zakas/zakas/assets/img/products/prod-23-1.png]
[htmldemo.net/zakas/zakas/assets/img/banner/banner-29.jpg]
[htmldemo.net/zakas/zakas/assets/img/banner/banner-30.jpg]
[htmldemo.net/zakas/zakas/assets/img/banner/banner-31.jpg]
[htmldemo.net/zakas/zakas/index-09.html]
[htmldemo.net/zakas/zakas/assets/img/slider/slider-19.jpg]
[htmldemo.net/zakas/zakas/assets/img/banner/banner-24.jpg]
[htmldemo.net/zakas/zakas/assets/img/banner/banner-23.jpg]
[htmldemo.net/zakas/zakas/assets/img/banner/banner-25.jpg]
[htmldemo.net/zakas/zakas/assets/img/banner/banner-27.jpg]
[htmldemo.net/zakas/zakas/assets/img/banner/banner-26.jpg]
[htmldemo.net/zakas/zakas/index-10.html]
[htmldemo.net/zakas/zakas/assets/img/icons/grid.png]
[htmldemo.net/zakas/zakas/assets/img/icons/list.png]
[htmldemo.net/zakas/zakas/assets/img/products/prod-25.jpg]
[htmldemo.net/zakas/zakas/assets/img/products/prod-26.jpg]
[htmldemo.net/zakas/zakas/assets/img/products/prod-27.jpg]
[htmldemo.net/zakas/zakas/assets/img/products/prod-28.jpg]
[htmldemo.net/zakas/zakas/shop.html]
[htmldemo.net/zakas/zakas/shop-fullwidth.html]
[htmldemo.net/zakas/zakas/shop-right-sidebar.html]
[htmldemo.net/zakas/zakas/shop-three-columns.html]
[htmldemo.net/zakas/zakas/shop-four-columns.html]
[htmldemo.net/zakas/zakas/shop-list.html]
[htmldemo.net/zakas/zakas/shop-list-sidebar.html]
[htmldemo.net/zakas/zakas/shop-list-right-sidebar.html]
[htmldemo.net/zakas/zakas/assets/img/products/prod-32.jpg]
[htmldemo.net/zakas/zakas/assets/img/products/prod-33.jpg]
[htmldemo.net/zakas/zakas/assets/img/products/prod-34.jpg]
[htmldemo.net/zakas/zakas/assets/img/products/prod-9-1-170x195.jpg]
[htmldemo.net/zakas/zakas/assets/img/products/prod-32-170x195.jpg]
[htmldemo.net/zakas/zakas/assets/img/products/prod-33-170x195.jpg]
[htmldemo.net/zakas/zakas/assets/img/products/prod-34-170x195.jpg]
[htmldemo.net/zakas/zakas/assets/img/others/comment-1.jpg]
[htmldemo.net/zakas/zakas/product-details.html]
[htmldemo.net/zakas/zakas/product-details-tab-style-2.html]
[htmldemo.net/zakas/zakas/product-details-tab-style-3.html]
[htmldemo.net/zakas/zakas/assets/img/products/prod-35.jpg]
[htmldemo.net/zakas/zakas/assets/img/products/prod-35-2.jpg]
[htmldemo.net/zakas/zakas/assets/img/products/prod-35-3.jpg]
[htmldemo.net/zakas/zakas/assets/img/products/prod-36-1.jpg]
[htmldemo.net/zakas/zakas/product-details-gallery-left.html]
[htmldemo.net/zakas/zakas/product-details-gallery-right.html]
[htmldemo.net/zakas/zakas/product-details-sticky-left.html]
[htmldemo.net/zakas/zakas/product-details-sticky-right.html]
[htmldemo.net/zakas/zakas/product-details-slider-box.html]
[htmldemo.net/zakas/zakas/product-details-slider-full-width.html]
[htmldemo.net/zakas/zakas/product-details-affiliate.html]
[htmldemo.net/zakas/zakas/product-details-variable.html]
[htmldemo.net/zakas/zakas/product-details-group.html]
[htmldemo.net/zakas/zakas/assets/img/blog/blog_beuty2-390x390.jpg]
[htmldemo.net/zakas/zakas/assets/img/blog/blog_beuty-390x390.jpg]
[htmldemo.net/zakas/zakas/assets/img/blog/blog-5-390x390.jpg]
[htmldemo.net/zakas/zakas/assets/img/blog/blog-6-390x390.jpg]
[htmldemo.net/zakas/zakas/assets/img/blog/blog-7-390x390.jpg]
[htmldemo.net/zakas/zakas/assets/img/blog/blog-1-70x70.jpg]
[htmldemo.net/zakas/zakas/assets/img/blog/blog-3-70x70.jpg]
[htmldemo.net/zakas/zakas/assets/img/blog/blog_beuty-70x70.jpg]
[htmldemo.net/zakas/zakas/assets/img/blog/blog_beuty2-70x70.jpg]
[htmldemo.net/zakas/zakas/blog.html]
[htmldemo.net/zakas/zakas/blog-right-sidebar.html]
[htmldemo.net/zakas/zakas/blog-04-columns.html]
[htmldemo.net/zakas/zakas/login-register.html]
[htmldemo.net/zakas/zakas/assets/img/blog/blog-9-390x390.jpg]
[htmldemo.net/zakas/zakas/blog-03-columns.html]
[htmldemo.net/zakas/zakas/blog-list.html]
[htmldemo.net/zakas/zakas/blog-list-left-sidebar.html]
[htmldemo.net/zakas/zakas/blog-list-right-sidebar.html]
[htmldemo.net/zakas/zakas/assets/img/blog/blog_detail_1.jpg]
[htmldemo.net/zakas/zakas/assets/img/blog/blog_detail_2.jpg]
[htmldemo.net/zakas/zakas/assets/img/blog/blog-13-100x100.jpg]
[htmldemo.net/zakas/zakas/assets/img/blog/blog-3-100x100.jpg]
[htmldemo.net/zakas/zakas/assets/img/others/comment-2.jpg]
[htmldemo.net/zakas/zakas/assets/img/others/comment-3.jpg]
[htmldemo.net/zakas/zakas/single-post-image.html]
[htmldemo.net/zakas/zakas/single-post-audio.html]
[htmldemo.net/zakas/zakas/single-post-video.html]
[htmldemo.net/zakas/zakas/assets/img/blog/blog2-1024x613.jpg]
[htmldemo.net/zakas/zakas/assets/img/blog/blog3.jpg]
[htmldemo.net/zakas/zakas/assets/img/blog/blog5.jpg]
[htmldemo.net/zakas/zakas/single-post-gallery.html]
[htmldemo.net/zakas/zakas/single-post-right-sidebar.html]
[htmldemo.net/zakas/zakas/my-account.html]
[htmldemo.net/zakas/zakas/checkout.html]
[htmldemo.net/zakas/zakas/assets/img/products/prod-10-70x88.jpg]
[htmldemo.net/zakas/zakas/assets/img/products/prod-11-70x88.jpg]
[htmldemo.net/zakas/zakas/assets/img/products/prod-12-70x88.jpg]
[htmldemo.net/zakas/zakas/cart.html]
[htmldemo.net/zakas/zakas/compare.html]
[htmldemo.net/zakas/zakas/order-tracking.html]
[htmldemo.net/zakas/zakas/assets/img/products/prod-13-70x88.jpg]
[htmldemo.net/zakas/zakas/wishlist.html]
[htmldemo.net/zakas/zakas/contact-us.html]
[htmldemo.net/zakas/zakas/youtube.html]
[htmldemo.net/zakas/zakas/assets/fonts/fontawesome-webfont3e6e.svg]
[htmldemo.net/zakas/zakas/assets/fonts/flaticon.svg]
[htmldemo.net/zakas/zakas/assets/fonts/themify.svg]
[htmldemo.net/zakas/zakas/assets/fonts/lg8306.svg]
[htmldemo.net/zakas/zakas/assets/img/vimeo-play.html]
[htmldemo.net/zakas/zakas/assets/img/video-play.html]
[htmldemo.net/zakas/zakas/assets/img/youtube-play.html]
[htmldemo.net/zakas/zakas/login-register.html]
